


ARM Macro Assembler    Page 1 


    1 00000000                 AREA             RESET,CODE,READONLY
    2 00000000                 EXPORT           __Vectors
    3 00000000         __Vectors
    4 00000000 10001000        DCD              0x10001000
    5 00000004 00000000        DCD              Reset_Handler
    6 00000008                 ALIGN
    7 00000008                 AREA             mycode,CODE,READONLY
    8 00000000                 ENTRY
    9 00000000                 EXPORT           Reset_Handler
   10 00000000         Reset_Handler
   11 00000000 480C            LDR              R0,=DST
   12 00000002 F04F 0112       MOV              R1,#0x12
   13 00000006 F04F 0200       MOV              R2,#0
   14 0000000A 290A    up      CMP              R1,#0xA
   15 0000000C D304            BCC              sto
   16 0000000E F1A1 010A       SUB              R1,#0xA
   17 00000012 F102 0201       ADD              R2,#1
   18 00000016 E7F8            B                up
   19 00000018 F101 0130 
                       sto     ADD              R1,#0x30
   20 0000001C F800 1B01       STRB             R1,[R0],#1
   21 00000020 4611            MOV              R1,R2
   22 00000022 F04F 0200       MOV              R2,#0
   23 00000026 290A            CMP              R1,#0xA
   24 00000028 D2EF            BCS              up
   25 0000002A F101 0130       ADD              R1,#0x30
   26 0000002E 7001            STRB             R1,[R0]
   27 00000030         STOP
   28 00000030 E7FE            B                STOP
   29 00000032 00 00 00000000  AREA             mydata,DATA,READWRITE
   30 00000000 00000000 
                       DST     DCD              0
   31 00000004                 END
Command Line: --debug --xref --cpu=Cortex-M3 --apcs=interwork --depend=.\q4.d -
o.\q4.o -IC:\Keil\ARM\RV31\INC -IC:\Keil\ARM\CMSIS\Include -IC:\Keil\ARM\Inc\NX
P\LPC17xx --predefine="__EVAL SETA 1" --list=.\q4.lst q4.s



ARM Macro Assembler    Page 1 Alphabetic symbol ordering
Relocatable symbols

RESET 00000000

Symbol: RESET
   Definitions
      At line 1 in file q4.s
   Uses
      None
Comment: RESET unused
__Vectors 00000000

Symbol: __Vectors
   Definitions
      At line 3 in file q4.s
   Uses
      At line 2 in file q4.s
Comment: __Vectors used once
2 symbols



ARM Macro Assembler    Page 1 Alphabetic symbol ordering
Relocatable symbols

Reset_Handler 00000000

Symbol: Reset_Handler
   Definitions
      At line 10 in file q4.s
   Uses
      At line 5 in file q4.s
      At line 9 in file q4.s

STOP 00000030

Symbol: STOP
   Definitions
      At line 27 in file q4.s
   Uses
      At line 28 in file q4.s
Comment: STOP used once
mycode 00000000

Symbol: mycode
   Definitions
      At line 7 in file q4.s
   Uses
      None
Comment: mycode unused
sto 00000018

Symbol: sto
   Definitions
      At line 19 in file q4.s
   Uses
      At line 15 in file q4.s
Comment: sto used once
up 0000000A

Symbol: up
   Definitions
      At line 14 in file q4.s
   Uses
      At line 18 in file q4.s
      At line 24 in file q4.s

5 symbols



ARM Macro Assembler    Page 1 Alphabetic symbol ordering
Relocatable symbols

DST 00000000

Symbol: DST
   Definitions
      At line 30 in file q4.s
   Uses
      At line 11 in file q4.s
Comment: DST used once
mydata 00000000

Symbol: mydata
   Definitions
      At line 29 in file q4.s
   Uses
      None
Comment: mydata unused
2 symbols
342 symbols in table
