<html>
<body>
<pre>
<h1>µVision Build Log</h1>
<h2>Project:</h2>
D:\ES_210905282\lab6\test.uvproj
Project File Date:  06/14/2023

<h2>Output:</h2>
Build target 'Target 1'
linking...
Program Size: Code=1284 RO-data=300 RW-data=4 ZI-data=612  
FromELF: creating hex file...
".\test.axf" - 0 Error(s), 0 Warning(s).
compiling test.c...
test.c(16): warning:  #186-D: pointless comparison of unsigned integer with zero
                        for(LED=255;LED>=0;LED--){      //down counter
test.c: 1 warning, 0 errors
"test.c" - 0 Error(s), 1 Warning(s).
ng:  #186-D: pointless comparison of unsigned integer with zero
                        for(LED=255;LED>=0;LED--){      //down counter
test.c: 1 warning, 0 errors
"test.c" - 0 Error(s), 1 Warning(s).

"test.c" - 2 Error(s), 3 Warning(s).
compiling test.c...
test.c(12): warning:  #174-D: expression has no effect
                for (i=1;;i<9;i++){                             //on the LEDs serially
test.c(12): error:  #18: expected a ")"
                for (i=1;;i<9;i++){                             //on the LEDs serially
test.c(15): error:  #18: expected a ")"
                        for ((j=0;j<1000;j++);          //a random delay
test.c(18): warning:  #111-D: statement is unreachable
                LED = 0x00000010;
test.c(25): warning:  #1-D: last line of file ends without a newline
  }             
test.c: 3 warnings, 2 errors
"test.c" - 2 Error(s), 3 Warning(s).
compiling test.c...
test.c(12): warning:  #174-D: expression has no effect
                for (i=1;;i<9;i++)
test.c(12): error:  #18: expected a ")"
                for (i=1;;i<9;i++)
test.c(16): error:  #18: expected a ")"
                        for ((j=0;j<1000;j++);          //a random delay
test.c(19): warning:  #111-D: statement is unreachable
                LED = 0x00000010;
test.c(26): warning:  #1-D: last line of file ends without a newline
  }             
test.c: 3 warnings, 2 errors
"test.c" - 2 Error(s), 3 Warning(s).
compiling test.c...
test.c(12): warning:  #174-D: expression has no effect
                for (i=1;;i<9;i++){                             //on the LEDs serially
test.c(12): error:  #18: expected a ")"
                for (i=1;;i<9;i++){                             //on the LEDs serially
test.c(18): warning:  #111-D: statement is unreachable
                LED = 0x00000010;
test.c(25): warning:  #1-D: last line of file ends without a newline
  }             
test.c: 3 warnings, 1 error
"test.c" - 1 Error(s), 3 Warning(s).
compiling test.c...
test.c(25): warning:  #1-D: last line of file ends without a newline
  }             
test.c: 1 warning, 0 errors
"test.c" - 0 Error(s), 1 Warning(s).
