


ARM Macro Assembler    Page 1 


    1 00000000         ;32-bit packed bcd to hex format
    2 00000000                 AREA             RESET,DATA,READONLY
    3 00000000                 EXPORT           __Vectors
    4 00000000         __Vectors
    5 00000000 10001000        DCD              0x10001000
    6 00000004 00000000        DCD              Reset_Handler
    7 00000008                 ALIGN
    8 00000008                 AREA             mycode,CODE,READONLY
    9 00000000                 ENTRY
   10 00000000                 EXPORT           Reset_Handler
   11 00000000         Reset_Handler
   12 00000000 4809            LDR              R0,PACKED
   13 00000002 490A            LDR              R1,=DST
   14 00000004 F04F 020A       MOV              R2,#10
   15 00000008 F04F 0301       MOV              R3,#1
   16 0000000C F04F 0500       MOV              R5,#0
   17 00000010         LOOP
   18 00000010 F000 040F       AND              R4,R0,#0x0000000F
   19 00000014 FB04 5503       MLA              R5,R4,R3,R5
   20 00000018 FB03 F302       MUL              R3,R3,R2
   21 0000001C EA4F 1010       LSR              R0,#4
   22 00000020 2800            CMP              R0,#0
   23 00000022 D1F5            BNE              LOOP
   24 00000024 600D            STR              R5,[R1]
   25 00000026         HERE
   26 00000026 E7FE            B                HERE
   27 00000028 00000999 
                       PACKED  DCD              0x999
   28 0000002C 00000000        AREA             mydata,DATA,READWRITE
   29 00000000 00000000 
                       DST     DCD              0
   30 00000004                 END
Command Line: --debug --xref --cpu=Cortex-M3 --apcs=interwork --depend=.\q1.d -
o.\q1.o -IC:\Keil\ARM\RV31\INC -IC:\Keil\ARM\CMSIS\Include -IC:\Keil\ARM\Inc\NX
P\LPC17xx --predefine="__EVAL SETA 1" --list=.\q1.lst q1.s



ARM Macro Assembler    Page 1 Alphabetic symbol ordering
Relocatable symbols

RESET 00000000

Symbol: RESET
   Definitions
      At line 2 in file q1.s
   Uses
      None
Comment: RESET unused
__Vectors 00000000

Symbol: __Vectors
   Definitions
      At line 4 in file q1.s
   Uses
      At line 3 in file q1.s
Comment: __Vectors used once
2 symbols



ARM Macro Assembler    Page 1 Alphabetic symbol ordering
Relocatable symbols

HERE 00000026

Symbol: HERE
   Definitions
      At line 25 in file q1.s
   Uses
      At line 26 in file q1.s
Comment: HERE used once
LOOP 00000010

Symbol: LOOP
   Definitions
      At line 17 in file q1.s
   Uses
      At line 23 in file q1.s
Comment: LOOP used once
PACKED 00000028

Symbol: PACKED
   Definitions
      At line 27 in file q1.s
   Uses
      At line 12 in file q1.s
Comment: PACKED used once
Reset_Handler 00000000

Symbol: Reset_Handler
   Definitions
      At line 11 in file q1.s
   Uses
      At line 6 in file q1.s
      At line 10 in file q1.s

mycode 00000000

Symbol: mycode
   Definitions
      At line 8 in file q1.s
   Uses
      None
Comment: mycode unused
5 symbols



ARM Macro Assembler    Page 1 Alphabetic symbol ordering
Relocatable symbols

DST 00000000

Symbol: DST
   Definitions
      At line 29 in file q1.s
   Uses
      At line 13 in file q1.s
Comment: DST used once
mydata 00000000

Symbol: mydata
   Definitions
      At line 28 in file q1.s
   Uses
      None
Comment: mydata unused
2 symbols
342 symbols in table
