


ARM Macro Assembler    Page 1 


    1 00000000                 AREA             RESET,DATA,READONLY
    2 00000000                 EXPORT           __Vectors
    3 00000000         __Vectors
    4 00000000 10001000        DCD              0X10001000
    5 00000004 00000000        DCD              Reset_Handler
    6 00000008                 ALIGN
    7 00000008                 AREA             MYCODE,CODE,READONLY
    8 00000000                 EXPORT           Reset_Handler
    9 00000000         Reset_Handler
   10 00000000 4807            LDR              R0, =SRC
   11 00000002 F04F 0100       LDR              R1, =0
   12 00000006 F04F 0224       LDR              R2, =36
   13 0000000A 5843    UP      LDR              R3, [R0, R1]
   14 0000000C 5884            LDR              R4, [R0, R2]
   15 0000000E 5083            STR              R3, [R0, R2]
   16 00000010 5044            STR              R4, [R0, R1]
   17 00000012 F1A2 0204       SUB              R2, #4
   18 00000016 F101 0104       ADD              R1, #4
   19 0000001A 4291            CMP              R1, R2
   20 0000001C D3F5            BCC              UP
   21 0000001E E7FE    STOP    B                STOP
   22 00000020 00000000        AREA             MYDATA, DATA, READWRITE
   23 00000000 00000001 
              00000002 
              00000003 
              00000004 
              00000005 
              00000006 
              00000007 
              00000008 
              00000009 
              0000000A SRC     DCD              1, 2, 3, 4, 5, 6, 7, 8, 9, 10
   24 00000028                 END
Command Line: --debug --xref --cpu=Cortex-M3 --apcs=interwork --depend=.\q4.d -
o.\q4.o -IC:\Keil\ARM\RV31\INC -IC:\Keil\ARM\CMSIS\Include -IC:\Keil\ARM\Inc\NX
P\LPC17xx --predefine="__EVAL SETA 1" --list=.\q4.lst q4.s



ARM Macro Assembler    Page 1 Alphabetic symbol ordering
Relocatable symbols

RESET 00000000

Symbol: RESET
   Definitions
      At line 1 in file q4.s
   Uses
      None
Comment: RESET unused
__Vectors 00000000

Symbol: __Vectors
   Definitions
      At line 3 in file q4.s
   Uses
      At line 2 in file q4.s
Comment: __Vectors used once
2 symbols



ARM Macro Assembler    Page 1 Alphabetic symbol ordering
Relocatable symbols

MYCODE 00000000

Symbol: MYCODE
   Definitions
      At line 7 in file q4.s
   Uses
      None
Comment: MYCODE unused
Reset_Handler 00000000

Symbol: Reset_Handler
   Definitions
      At line 9 in file q4.s
   Uses
      At line 5 in file q4.s
      At line 8 in file q4.s

STOP 0000001E

Symbol: STOP
   Definitions
      At line 21 in file q4.s
   Uses
      At line 21 in file q4.s
Comment: STOP used once
UP 0000000A

Symbol: UP
   Definitions
      At line 13 in file q4.s
   Uses
      At line 20 in file q4.s
Comment: UP used once
4 symbols



ARM Macro Assembler    Page 1 Alphabetic symbol ordering
Relocatable symbols

MYDATA 00000000

Symbol: MYDATA
   Definitions
      At line 22 in file q4.s
   Uses
      None
Comment: MYDATA unused
SRC 00000000

Symbol: SRC
   Definitions
      At line 23 in file q4.s
   Uses
      At line 10 in file q4.s
Comment: SRC used once
2 symbols
341 symbols in table
