


ARM Macro Assembler    Page 1 


    1 00000000                 AREA             RESET, DATA, READONLY
    2 00000000                 EXPORT           __Vectors
    3 00000000         __Vectors
    4 00000000 10001000        DCD              0X10001000  ;stack pointer valu
                                                            e when stack is emp
                                                            ty
    5 00000004         ;The processor uses a full descending stack. 
    6 00000004         ;This means the stack pointer holds the address of the l
                       ast 
    7 00000004         ;stacked item in memory. When the processor pushes a new
                        item 
    8 00000004         ;onto the stack, it decrements the stack pointer and the
                       n 
    9 00000004         ;writes the item to the new memory location.
   10 00000004 00000000        DCD              Reset_Handler ; reset vector. T
                                                            he program linker r
                                                            equires Reset_Handl
                                                            er
   11 00000008                 ALIGN
   12 00000008                 AREA             mycode, CODE, READONLY
   13 00000000                 ENTRY
   14 00000000                 EXPORT           Reset_Handler
   15 00000000         Reset_Handler
   16 00000000         ;;;;;;;;;;User Code Starts from the next line;;;;;;;;;;;
                       ;
   17 00000000 F04F 000A       MOV              R0, #10
   18 00000004 F04F 0103       MOV              R1, #3
   19 00000008 4408            ADD              R0, R1
   20 0000000A E7FE    STOP    B                STOP
   21 0000000C                 END                          ;End of the program
                                                            
Command Line: --debug --xref --cpu=Cortex-M3 --apcs=interwork --depend=.\sample
1.d -o.\sample1.o -IC:\Keil\ARM\RV31\INC -IC:\Keil\ARM\CMSIS\Include -IC:\Keil\
ARM\Inc\NXP\LPC17xx --predefine="__EVAL SETA 1" --list=.\sample1.lst sample1.s



ARM Macro Assembler    Page 1 Alphabetic symbol ordering
Relocatable symbols

RESET 00000000

Symbol: RESET
   Definitions
      At line 1 in file sample1.s
   Uses
      None
Comment: RESET unused
__Vectors 00000000

Symbol: __Vectors
   Definitions
      At line 3 in file sample1.s
   Uses
      At line 2 in file sample1.s
Comment: __Vectors used once
2 symbols



ARM Macro Assembler    Page 1 Alphabetic symbol ordering
Relocatable symbols

Reset_Handler 00000000

Symbol: Reset_Handler
   Definitions
      At line 15 in file sample1.s
   Uses
      At line 10 in file sample1.s
      At line 14 in file sample1.s

STOP 0000000A

Symbol: STOP
   Definitions
      At line 20 in file sample1.s
   Uses
      At line 20 in file sample1.s
Comment: STOP used once
mycode 00000000

Symbol: mycode
   Definitions
      At line 12 in file sample1.s
   Uses
      None
Comment: mycode unused
3 symbols
336 symbols in table
