


ARM Macro Assembler    Page 1 


    1 00000000                 AREA             RESET,DATA,READONLY
    2 00000000                 EXPORT           __Vectors
    3 00000000         __Vectors
    4 00000000 10001000        DCD              0x10001000
    5 00000004 00000000        DCD              Reset_Handler
    6 00000008                 ALIGN
    7 00000008                 AREA             mycode,CODE,READONLY
    8 00000000                 ENTRY
    9 00000000                 EXPORT           Reset_Handler
   10 00000000         Reset_Handler
   11 00000000 481F            LDR              R0,=SRC     ;r0 is pointer to i
                                                            th element
   12 00000002 4920            LDR              R1,=N1
   13 00000004 680A            LDR              R2,[r1]     ;r2 stores number o
                                                            f elements
   14 00000006 4F20            LDR              R7,=DST
   15 00000008 F04F 0800       MOV              R8,#0
   16 0000000C 4590    up      CMP              R8,R2
   17 0000000E D006            BEQ              out
   18 00000010 F108 0801       ADD              R8,#1
   19 00000014 F850 9B04       LDR              R9,[R0],#4
   20 00000018 F847 9B04       STR              R9,[R7],#4
   21 0000001C E7F6            B                up
   22 0000001E 481A    out     LDR              R0,=DST
   23 00000020 4601            MOV              R1, R0      ;r1 is pointer to e
                                                            lement to swap
   24 00000022 4603            MOV              R3,R0       ;r3 is pointer to j
                                                            th element
   25 00000024 F04F 0A00       MOV              R10,#0      ;r10 is counter for
                                                             inner(j) loop
   26 00000028 F04F 0B00       MOV              R11,#0      ;r11 is counter for
                                                             outer(i) loop
   27 0000002C 4593    L1      CMP              R11, R2     ;comparing i<10
   28 0000002E D019            BEQ              exit
   29 00000030 F100 0304       ADD              R3,R0,#4    ;sets jth pointer t
                                                            o A[i+1]
   30 00000034 4601            MOV              R1,R0       ;sets swap element 
                                                            to A[i]
   31 00000036 F10B 0A01       ADD              R10,R11,#1  ;j=i+1
   32 0000003A 4592    L2      CMP              R10,R2      ;j<10
   33 0000003C D00A            BEQ              down
   34 0000003E F10A 0A01       ADD              R10,#1      ;j++
   35 00000042 F853 4B04       LDR              R4,[R3],#4
   36 00000046 680D            LDR              R5,[R1]
   37 00000048 42A5            CMP              R5,R4
   38 0000004A DBF6            BLT              L2
   39 0000004C 4619            MOV              R1,R3
   40 0000004E F1A1 0104       SUB              R1,#4
   41 00000052 E7F2            B                L2
   42 00000054 F10B 0B01 
                       down    ADD              R11,#1
   43 00000058 6804            LDR              R4,[R0]
   44 0000005A 680D            LDR              R5,[R1]
   45 0000005C 600C            STR              R4,[R1]
   46 0000005E F840 5B04       STR              R5,[R0],#4
   47 00000062 E7E3            B                L1
   48 00000064         exit
   49 00000064         STOP
   50 00000064 E7FE            B                STOP



ARM Macro Assembler    Page 2 


   51 00000066 00 00 0000000A 
                       N1      DCD              0xA
   52 0000006C 0000000A 
              00000001 
              00000004 
              00000002 
              00000005 SRC     DCD              0xA,0x01,0x04,0x02,0x05
   53 00000080 00000000 
              00000000 
              00000000 
              00000000         AREA             mydata,DATA,READWRITE
   54 00000000 00000000 
              00000000 
              00000000 
              00000000 
              00000000 DST     DCD              0,0,0,0,0
   55 00000014                 END
Command Line: --debug --xref --cpu=Cortex-M3 --apcs=interwork --depend=.\q1.d -
o.\q1.o -IC:\Keil\ARM\RV31\INC -IC:\Keil\ARM\CMSIS\Include -IC:\Keil\ARM\Inc\NX
P\LPC17xx --predefine="__EVAL SETA 1" --list=.\q1.lst q1.s



ARM Macro Assembler    Page 1 Alphabetic symbol ordering
Relocatable symbols

RESET 00000000

Symbol: RESET
   Definitions
      At line 1 in file q1.s
   Uses
      None
Comment: RESET unused
__Vectors 00000000

Symbol: __Vectors
   Definitions
      At line 3 in file q1.s
   Uses
      At line 2 in file q1.s
Comment: __Vectors used once
2 symbols



ARM Macro Assembler    Page 1 Alphabetic symbol ordering
Relocatable symbols

L1 0000002C

Symbol: L1
   Definitions
      At line 27 in file q1.s
   Uses
      At line 47 in file q1.s
Comment: L1 used once
L2 0000003A

Symbol: L2
   Definitions
      At line 32 in file q1.s
   Uses
      At line 38 in file q1.s
      At line 41 in file q1.s

N1 00000068

Symbol: N1
   Definitions
      At line 51 in file q1.s
   Uses
      At line 12 in file q1.s
Comment: N1 used once
Reset_Handler 00000000

Symbol: Reset_Handler
   Definitions
      At line 10 in file q1.s
   Uses
      At line 5 in file q1.s
      At line 9 in file q1.s

SRC 0000006C

Symbol: SRC
   Definitions
      At line 52 in file q1.s
   Uses
      At line 11 in file q1.s
Comment: SRC used once
STOP 00000064

Symbol: STOP
   Definitions
      At line 49 in file q1.s
   Uses
      At line 50 in file q1.s
Comment: STOP used once
down 00000054

Symbol: down
   Definitions
      At line 42 in file q1.s
   Uses
      At line 33 in file q1.s
Comment: down used once
exit 00000064



ARM Macro Assembler    Page 2 Alphabetic symbol ordering
Relocatable symbols


Symbol: exit
   Definitions
      At line 48 in file q1.s
   Uses
      At line 28 in file q1.s
Comment: exit used once
mycode 00000000

Symbol: mycode
   Definitions
      At line 7 in file q1.s
   Uses
      None
Comment: mycode unused
out 0000001E

Symbol: out
   Definitions
      At line 22 in file q1.s
   Uses
      At line 17 in file q1.s
Comment: out used once
up 0000000C

Symbol: up
   Definitions
      At line 16 in file q1.s
   Uses
      At line 21 in file q1.s
Comment: up used once
11 symbols



ARM Macro Assembler    Page 1 Alphabetic symbol ordering
Relocatable symbols

DST 00000000

Symbol: DST
   Definitions
      At line 54 in file q1.s
   Uses
      At line 14 in file q1.s
      At line 22 in file q1.s

mydata 00000000

Symbol: mydata
   Definitions
      At line 53 in file q1.s
   Uses
      None
Comment: mydata unused
2 symbols
348 symbols in table
