ARM Linker, 5.03 [Build 76] [MDK-ARM Lite]

==============================================================================

Section Cross References

    q4.o(RESET) refers to q4.o(mycode) for Reset_Handler


==============================================================================

Removing Unused input sections from the image.

    Removing q4.o(mydata), (0 bytes).

1 unused section(s) (total 0 bytes) removed from the image.

==============================================================================

Image Symbol Table

    Local Symbols

    Symbol Name                              Value     Ov Type        Size  Object(Section)

    RESET                                    0x00000000   Section        8  q4.o(RESET)
    q4.s                                     0x00000000   Number         0  q4.o ABSOLUTE
    mycode                                   0x00000008   Section      114  q4.o(mycode)

    Global Symbols

    Symbol Name                              Value     Ov Type        Size  Object(Section)

    BuildAttributes$$THM_ISAv4$P$D$K$B$S$PE$A:L22UL41UL21$X:L11$S22US41US21$IEEE1$IW$USESV6$~STKCKD$USESV7$~SHL$OSPACE$EBA8$STANDARDLIB$PRES8$EABIv2 0x00000000   Number         0  anon$$obj.o ABSOLUTE
    __Vectors                                0x00000000   Data           0  q4.o(RESET)
    Reset_Handler                            0x00000009   Thumb Code     0  q4.o(mycode)



==============================================================================

Memory Map of the image

  Image Entry point : 0x00000009

  Load Region LR_1 (Base: 0x00000000, Size: 0x0000007c, Max: 0xffffffff, ABSOLUTE)

    Execution Region ER_RO (Base: 0x00000000, Size: 0x0000007c, Max: 0xffffffff, ABSOLUTE)

    Base Addr    Size         Type   Attr      Idx    E Section Name        Object

    0x00000000   0x00000008   Data   RO            1    RESET               q4.o
    0x00000008   0x00000072   Code   RO            2  * mycode              q4.o


    Execution Region ER_RW (Base: 0x10000000, Size: 0x00000000, Max: 0xffffffff, ABSOLUTE)

    **** No section assigned to this execution region ****


    Execution Region ER_ZI (Base: 0x10000000, Size: 0x00000000, Max: 0xffffffff, ABSOLUTE)

    **** No section assigned to this execution region ****


==============================================================================

Image component sizes


      Code (inc. data)   RO Data    RW Data    ZI Data      Debug   Object Name

       114          0          8          0          0        204   q4.o

    ----------------------------------------------------------------------
       116          0          8          0          0        204   Object Totals
         0          0          0          0          0          0   (incl. Generated)
         2          0          0          0          0          0   (incl. Padding)

    ----------------------------------------------------------------------
         0          0          0          0          0          0   Library Totals
         0          0          0          0          0          0   (incl. Padding)

    ----------------------------------------------------------------------

==============================================================================


      Code (inc. data)   RO Data    RW Data    ZI Data      Debug   

       116          0          8          0          0        204   Grand Totals
       116          0          8          0          0        204   ELF Image Totals
       116          0          8          0          0          0   ROM Totals

==============================================================================

    Total RO  Size (Code + RO Data)                  124 (   0.12kB)
    Total RW  Size (RW Data + ZI Data)                 0 (   0.00kB)
    Total ROM Size (Code + RO Data + RW Data)        124 (   0.12kB)

==============================================================================

